// Jest Snapshot v1, https://goo.gl/fbAQLP

exports[`TypeGenerator generateTypes should create type files 1`] = `
"/* eslint-disable */
/* This is an autogenerated file. Do not edit this file directly! */
export type MyQuery = {
    hello: string;
};
export type MyQueryVariables = {};
"
`;

exports[`TypeGenerator generateTypes should ignore complex operations document 1`] = `"This document node has complex operations."`;

exports[`TypeGenerator generateTypes should report errors occuring in typegen visitor 1`] = `"Type \\"Query\\" does not have field \\"goodBye\\"."`;
