// Jest Snapshot v1, https://goo.gl/fbAQLP

exports[`getQuickInfoAtPosition should return GraphQL quick info 1`] = `"Query.hello: String!"`;

exports[`getQuickInfoAtPosition should return GraphQL quick info 2`] = `"Query.hello: String!"`;
