// Jest Snapshot v1, https://goo.gl/fbAQLP

exports[`detectDuplicatedFragments should detect duplicated fragments info 1`] = `
[
  {
    "end": 149,
    "name": "Hoge",
    "start": 106,
  },
]
`;
