// Jest Snapshot v1, https://goo.gl/fbAQLP

exports[`TypedQueryDocumentAddonFactory should add export statement using TypedQueryDocumentNode 1`] = `
Array [
  "/* eslint-disable */
/* This is an autogenerated file. Do not edit this file directly! */
import { TypedQueryDocumentNode } from \\"graphql\\";
export type MyQuery = {
    hello: string;
};
export type MyQueryVariables = {};
export type MyQueryDocument = TypedQueryDocumentNode<MyQuery, MyQueryVariables>;
",
]
`;
